// Jest Snapshot v1, https://goo.gl/fbAQLP

exports[`#externalHelpers works - userHelpers is a function 1`] = `
Object {
  "userHelper": [Function],
}
`;

exports[`#externalHelpers works - userHelpers is a function 2`] = `
Object {
  "userHelper": [Function],
}
`;

exports[`#externalHelpers works - userHelpers is not a function 1`] = `
Object {
  "userHelper": [Function],
}
`;

exports[`#externalHelpers works - userHelpers is not a function 2`] = `
Object {
  "userHelper": [Function],
}
`;
