// Jest Snapshot v1, https://goo.gl/fbAQLP

exports[`#hooks elderAddDefaultIntersectionObserver 1`] = `
Object {
  "beforeHydrateStack": Array [
    Object {
      "priority": 1,
      "source": "elderAddDefaultIntersectionObserver",
      "string": "<script type=\\"text/javascript\\">
      if (!('IntersectionObserver' in window)) {
          var script = document.createElement(\\"script\\");
          script.src = \\"foo\\";
          document.getElementsByTagName('head')[0].appendChild(script);
      };
      </script>",
    },
  ],
}
`;

exports[`#hooks elderAddExternalHelpers 1`] = `
Object {
  "helpers": Object {
    "old": [MockFunction],
    "permalink": [MockFunction],
  },
}
`;

exports[`#hooks elderAddMetaCharsetToHead 1`] = `
Object {
  "headStack": Array [
    Object {
      "priority": 1,
      "source": "elderAddMetaCharsetToHead",
      "string": "<meta charset=\\"UTF-8\\" />",
    },
  ],
}
`;

exports[`#hooks elderAddMetaViewportToHead 1`] = `
Object {
  "headStack": Array [
    Object {
      "priority": 10,
      "source": "elderAddMetaViewportToHead",
      "string": "<meta name=\\"viewport\\" content=\\"width=device-width, initial-scale=1\\" />",
    },
  ],
}
`;

exports[`#hooks elderAddSystemJs 1`] = `
Object {
  "beforeHydrateStack": Array [
    Object {
      "priority": 2,
      "source": "elderAddSystemJs",
      "string": "<script data-name=\\"systemjs\\" src=\\"foo\\"></script>",
    },
  ],
  "headStack": Array [
    Object {
      "priority": 2,
      "source": "elderAddSystemJs",
      "string": "<link rel=\\"preload\\" href=\\"foo\\" as=\\"script\\">",
    },
  ],
}
`;

exports[`#hooks matchesSnapshot 1`] = `
Array [
  Object {
    "description": "Adds external helpers to helpers object",
    "hook": "bootstrap",
    "name": "elderAddExternalHelpers",
    "priority": 100,
    "run": [Function],
  },
  Object {
    "description": "Adds <meta charset=\\"UTF-8\\" /> to the head.",
    "hook": "stacks",
    "name": "elderAddMetaCharsetToHead",
    "priority": 1,
    "run": [Function],
  },
  Object {
    "description": "Adds <meta name=\\"viewport\\" content=\\"width=device-width, initial-scale=1\\" /> to the head.",
    "hook": "stacks",
    "name": "elderAddMetaViewportToHead",
    "priority": 10,
    "run": [Function],
  },
  Object {
    "description": "Sets up the default polyfill for the intersection observer",
    "hook": "stacks",
    "name": "elderAddDefaultIntersectionObserver",
    "priority": 1,
    "run": [Function],
  },
  Object {
    "description": "AddsSystemJs to beforeHydrateStack also add preloading of systemjs to the headStack.",
    "hook": "stacks",
    "name": "elderAddSystemJs",
    "priority": 1,
    "run": [Function],
  },
  Object {
    "description": "Creates an HTML string out of the Svelte layout and stacks.",
    "hook": "compileHtml",
    "name": "elderCompileHtml",
    "priority": 100,
    "run": [Function],
  },
  Object {
    "description": "Log any errors to the console.",
    "hook": "error",
    "name": "elderConsoleLogErrors",
    "priority": 100,
    "run": [Function],
  },
  Object {
    "description": "Write the html output to public.",
    "hook": "requestComplete",
    "name": "elderWriteHtmlFileToPublic",
    "priority": 100,
    "run": [Function],
  },
  Object {
    "description": "Page generating timings and logging.",
    "hook": "requestComplete",
    "name": "elderDisplayRequestTime",
    "priority": 50,
    "run": [Function],
  },
  Object {
    "description": "A breakdown of the average times of different stages of the build.",
    "hook": "buildComplete",
    "name": "elderShowParsedBuildTimes",
    "priority": 50,
    "run": [Function],
  },
  Object {
    "description": "Writes out any errors of a build to a JSON file in the ___ELDER___ folder.",
    "hook": "buildComplete",
    "name": "elderWriteBuildErrors",
    "priority": 50,
    "run": [Function],
  },
]
`;
